../Core/Src/main.c:87:5:main	184	static
../Core/Src/main.c:183:6:SystemClock_Config	88	static
../Core/Src/main.c:225:13:MX_USART2_UART_Init	8	static
../Core/Src/main.c:258:13:MX_GPIO_Init	32	static
../Core/Src/main.c:292:6:StartDefaultTask	16	static
../Core/Src/main.c:310:6:TaskLED	16	static
../Core/Src/main.c:329:6:StartTask03	16	static
../Core/Src/main.c:347:6:TaskUART	80	static
../Core/Src/main.c:370:6:TaskLEDLow	24	static
../Core/Src/main.c:396:6:TaskUARTHigh	136	static
../Core/Src/main.c:418:6:Error_Handler	4	static,ignoring_inline_asm
