../Core/Src/main.c:90:5:main	184	static
../Core/Src/main.c:187:6:SystemClock_Config	88	static
../Core/Src/main.c:229:13:MX_USART2_UART_Init	8	static
../Core/Src/main.c:262:13:MX_GPIO_Init	32	static
../Core/Src/main.c:296:6:StartDefaultTask	16	static
../Core/Src/main.c:314:6:TaskLED	16	static
../Core/Src/main.c:333:6:StartTask03	16	static
../Core/Src/main.c:351:6:TaskUART	80	static
../Core/Src/main.c:374:6:TaskLEDLow	24	static
../Core/Src/main.c:403:6:TaskUARTHigh	128	static
../Core/Src/main.c:424:6:Error_Handler	4	static,ignoring_inline_asm
